<?xml version="1.0" encoding="UTF-8"?>
<testsuites name="jest tests" tests="16" failures="0" errors="0" time="1.373">
  <testsuite name="Math Utility Library" errors="0" failures="0" skipped="0" timestamp="2026-05-10T16:18:32" time="1.11" tests="16">
    <testcase classname="Math Utility Library add() adds two positive numbers" name="Math Utility Library add() adds two positive numbers" time="0.001">
    </testcase>
    <testcase classname="Math Utility Library add() adds negative numbers" name="Math Utility Library add() adds negative numbers" time="0">
    </testcase>
    <testcase classname="Math Utility Library add() adds zero" name="Math Utility Library add() adds zero" time="0">
    </testcase>
    <testcase classname="Math Utility Library subtract() subtracts two numbers" name="Math Utility Library subtract() subtracts two numbers" time="0">
    </testcase>
    <testcase classname="Math Utility Library subtract() result can be negative" name="Math Utility Library subtract() result can be negative" time="0.001">
    </testcase>
    <testcase classname="Math Utility Library multiply() multiplies two numbers" name="Math Utility Library multiply() multiplies two numbers" time="0">
    </testcase>
    <testcase classname="Math Utility Library multiply() multiply by zero gives zero" name="Math Utility Library multiply() multiply by zero gives zero" time="0">
    </testcase>
    <testcase classname="Math Utility Library divide() divides two numbers" name="Math Utility Library divide() divides two numbers" time="0">
    </testcase>
    <testcase classname="Math Utility Library divide() throws on division by zero" name="Math Utility Library divide() throws on division by zero" time="0.009">
    </testcase>
    <testcase classname="Math Utility Library factorial() factorial of 0 is 1" name="Math Utility Library factorial() factorial of 0 is 1" time="0">
    </testcase>
    <testcase classname="Math Utility Library factorial() factorial of 5 is 120" name="Math Utility Library factorial() factorial of 5 is 120" time="0">
    </testcase>
    <testcase classname="Math Utility Library factorial() throws for negative numbers" name="Math Utility Library factorial() throws for negative numbers" time="0.001">
    </testcase>
    <testcase classname="Math Utility Library isPrime() 2 is prime" name="Math Utility Library isPrime() 2 is prime" time="0">
    </testcase>
    <testcase classname="Math Utility Library isPrime() 17 is prime" name="Math Utility Library isPrime() 17 is prime" time="0">
    </testcase>
    <testcase classname="Math Utility Library isPrime() 1 is not prime" name="Math Utility Library isPrime() 1 is not prime" time="0">
    </testcase>
    <testcase classname="Math Utility Library isPrime() 9 is not prime" name="Math Utility Library isPrime() 9 is not prime" time="0">
    </testcase>
  </testsuite>
</testsuites>